[     605ms] [ERROR] Failed to load resource: net::ERR_NAME_NOT_RESOLVED @ https://api.i-meto.com/meting/api?server=netease&type=playlist&id=10046455237&r=0.8932706332130733:0
[     605ms] [WARNING] Meting API failed for https://api.i-meto.com/meting/api?server=:server&type=:type&id=:id&r=:r TypeError: Failed to fetch
    at fetchMetingData (http://localhost:4321/:8795:33)
    at Object.init (http://localhost:4321/:9002:23)
    at http://localhost:4321/:10020:13
    at http://localhost:4321/:10022:3
    at http://localhost:4321/:10023:3 @ http://localhost:4321/:8811
[    2832ms] [LOG] [vite] server connection lost. Polling for restart... @ http://localhost:4321/@vite/client:1598
[    5193ms] [ERROR] Failed to load resource: net::ERR_CONNECTION_REFUSED @ http://localhost:4321/_image/?href=%2F%40fs%2FD%3A%2FAI%2Fblog%2FFirefly%2Fsrc%2Fcontent%2Fposts%2Fimages%2Ffirefly1.avif%3ForigWidth%3D3328%26origHeight%3D1872%26origFormat%3Davif&w=320&h=240&q=77&f=webp&fit=cover&position=center:0
[    5196ms] [ERROR] Failed to load resource: net::ERR_CONNECTION_REFUSED @ http://localhost:4321/src/utils/toc-utils.ts:0
[    5196ms] [ERROR] Failed to load resource: net::ERR_CONNECTION_REFUSED @ http://localhost:4321/src/utils/url-utils.ts:0
[    5196ms] [ERROR] Failed to load resource: net::ERR_CONNECTION_REFUSED @ http://localhost:4321/src/constants/constants.ts:0
[    5196ms] [ERROR] Failed to load resource: net::ERR_CONNECTION_REFUSED @ http://localhost:4321/src/config/index.ts:0
[    5196ms] [ERROR] Failed to load resource: net::ERR_CONNECTION_REFUSED @ http://localhost:4321/src/utils/setting-utils.ts:0
[    5212ms] [VERBOSE] [DOM] Password field is not contained in a form: (More info: https://goo.gl/9p2vKq) %o @ http://localhost:4321/:0
[    7554ms] [ERROR] Failed to load resource: net::ERR_CONNECTION_REFUSED @ http://localhost:4321/src/utils/icon-loader.ts:0
[    7555ms] [ERROR] Failed to load resource: net::ERR_CONNECTION_REFUSED @ http://localhost:4321/src/components/controls/Search.svelte:0
[    7555ms] [ERROR] Failed to load resource: net::ERR_CONNECTION_REFUSED @ http://localhost:4321/_image/?href=%2F%40fs%2FD%3A%2FAI%2Fblog%2FFirefly%2Fsrc%2Fassets%2Fimages%2FDesktopWallpaper%2Fd4.avif%3ForigWidth%3D2416%26origHeight%3D1376%26origFormat%3Davif&w=1280&h=729&q=85&f=webp&fit=cover&position=center:0
[    7556ms] [ERROR] Failed to load resource: net::ERR_CONNECTION_REFUSED @ http://localhost:4321/node_modules/.pnpm/@astrojs+svelte@8.0.5_@types+node@25.5.2_astro@6.1.9_@types+node@25.5.2_jiti@2.6.1_lightningc_lgyblnfqhopc5htdvnfr4pb6xy/node_modules/@astrojs/svelte/dist/client.svelte.js:0
[    7556ms] [ERROR] Failed to load resource: net::ERR_CONNECTION_REFUSED @ http://localhost:4321/src/components/controls/LightDarkSwitch.svelte:0
[    7556ms] [ERROR] [astro-island] Error hydrating %s /src/components/controls/Search.svelte TypeError: Failed to fetch dynamically imported module: http://localhost:4321/src/components/controls/Search.svelte @ http://localhost:4321/:9229
[    7556ms] [ERROR] Failed to load resource: net::ERR_CONNECTION_REFUSED @ http://localhost:4321/src/components/controls/DisplaySettingsIntegrated.svelte:0
[    7556ms] [ERROR] [astro-island] Error hydrating %s /src/components/controls/DisplaySettingsIntegrated.svelte TypeError: Failed to fetch dynamically imported module: http://localhost:4321/node_modules/.pnpm/@astrojs+svelte@8.0.5_@types+node@25.5.2_astro@6.1.9_@types+node@25.5.2_jiti@2.6.1_lightningc_lgyblnfqhopc5htdvnfr4pb6xy/node_modules/@astrojs/svelte/dist/client.svelte.js @ http://localhost:4321/:9229
[    7557ms] [ERROR] [astro-island] Error hydrating %s /src/components/controls/LightDarkSwitch.svelte TypeError: Failed to fetch dynamically imported module: http://localhost:4321/node_modules/.pnpm/@astrojs+svelte@8.0.5_@types+node@25.5.2_astro@6.1.9_@types+node@25.5.2_jiti@2.6.1_lightningc_lgyblnfqhopc5htdvnfr4pb6xy/node_modules/@astrojs/svelte/dist/client.svelte.js @ http://localhost:4321/:9229
[    9914ms] [ERROR] Failed to load resource: net::ERR_CONNECTION_REFUSED @ http://localhost:4321/_image/?href=%2F%40fs%2FD%3A%2FAI%2Fblog%2FFirefly%2Fsrc%2Fassets%2Fimages%2FMobileWallpaper%2Fm1.avif%3ForigWidth%3D3328%26origHeight%3D4864%26origFormat%3Davif&w=1080&h=1578&q=77&f=webp&fit=cover&position=center:0
[    9914ms] [ERROR] Failed to load resource: net::ERR_CONNECTION_REFUSED @ http://localhost:4321/_image/?href=%2F%40fs%2FD%3A%2FAI%2Fblog%2FFirefly%2Fsrc%2Fcontent%2Fposts%2Fimages%2Ffirefly2.avif%3ForigWidth%3D4096%26origHeight%3D2212%26origFormat%3Davif&w=320&h=240&q=77&f=webp&fit=cover&position=center:0
[    9914ms] [ERROR] Failed to load resource: net::ERR_CONNECTION_REFUSED @ http://localhost:4321/_image/?href=%2F%40fs%2FD%3A%2FAI%2Fblog%2FFirefly%2Fsrc%2Fcontent%2Fposts%2Fguide%2Fcover.avif%3ForigWidth%3D1631%26origHeight%3D917%26origFormat%3Davif&w=320&h=240&q=77&f=webp&fit=cover&position=center:0
[    9914ms] [ERROR] Failed to load resource: net::ERR_CONNECTION_REFUSED @ http://localhost:4321/_image/?href=%2F%40fs%2FD%3A%2FAI%2Fblog%2FFirefly%2Fsrc%2Fassets%2Fimages%2FMobileWallpaper%2Fm6.avif%3ForigWidth%3D3328%26origHeight%3D4864%26origFormat%3Davif&w=1080&h=1578&q=77&f=webp&fit=cover&position=center:0
[    9914ms] [ERROR] Failed to load resource: net::ERR_CONNECTION_REFUSED @ http://localhost:4321/_image/?href=%2F%40fs%2FD%3A%2FAI%2Fblog%2FFirefly%2Fsrc%2Fcontent%2Fposts%2Fimages%2Ffirefly3.avif%3ForigWidth%3D3840%26origHeight%3D2160%26origFormat%3Davif&w=320&h=240&q=77&f=webp&fit=cover&position=center:0
[    9914ms] [ERROR] Failed to load resource: net::ERR_CONNECTION_REFUSED @ http://localhost:4321/node_modules/.vite/deps/astro-SR6T5TH3.js?v=58894e8b:0
[    9925ms] [LOG] All fonts have been loaded @ http://localhost:4321/src/components/features/FontManager.astro?astro&type=script&index=0&lang.ts:2
[    9934ms] Failed to fetch dynamically imported module: http://localhost:4321/node_modules/.vite/deps/astro-SR6T5TH3.js?v=58894e8b
[   12262ms] [ERROR] Failed to load resource: net::ERR_CONNECTION_REFUSED @ http://localhost:4321/node_modules/.vite/deps/audit-6RBL46G4.js?v=58894e8b:0
[   12263ms] [ERROR] Failed to load resource: net::ERR_CONNECTION_REFUSED @ http://localhost:4321/node_modules/.vite/deps/xray-MM6RNYHK.js?v=58894e8b:0
[   12263ms] [ERROR] Failed to load resource: net::ERR_CONNECTION_REFUSED @ http://localhost:4321/node_modules/.vite/deps/settings-MDKB5B4G.js?v=58894e8b:0
[   12263ms] [ERROR] Failed to load resource: net::ERR_CONNECTION_REFUSED @ http://localhost:4321/node_modules/.vite/deps/toolbar-Z2PEX3RY.js?v=58894e8b:0
[   12263ms] [ERROR] Failed to load resource: net::ERR_CONNECTION_REFUSED @ http://localhost:4321/node_modules/.vite/deps/ui-library-PKBJ6NU3.js?v=58894e8b:0
[   12274ms] [ERROR] Failed to load resource: net::ERR_CONNECTION_REFUSED @ http://localhost:4321/node_modules/.vite/deps/@swup_astro_client_Swup.js?v=58894e8b:0
[   12276ms] Failed to fetch dynamically imported module: http://localhost:4321/node_modules/.vite/deps/@swup_astro_client_Swup.js?v=58894e8b
[   14624ms] [ERROR] Failed to load resource: net::ERR_CONNECTION_REFUSED @ http://localhost:4321/node_modules/.vite/deps/@swup_astro_client_SwupA11yPlugin.js?v=58894e8b:0
[   14628ms] [ERROR] Failed to load resource: net::ERR_CONNECTION_REFUSED @ http://localhost:4321/node_modules/.vite/deps/@swup_astro_client_SwupPreloadPlugin.js?v=58894e8b:0
[   14629ms] [ERROR] Failed to load resource: net::ERR_CONNECTION_REFUSED @ http://localhost:4321/node_modules/.vite/deps/@swup_astro_client_SwupHeadPlugin.js?v=58894e8b:0
[   14629ms] [ERROR] Failed to load resource: net::ERR_CONNECTION_REFUSED @ http://localhost:4321/node_modules/.vite/deps/@swup_astro_client_SwupScriptsPlugin.js?v=58894e8b:0
[   14629ms] [ERROR] Failed to load resource: net::ERR_CONNECTION_REFUSED @ http://localhost:4321/favicon/favicon.ico:0
[   17557ms] [ERROR] Failed to load resource: net::ERR_CONNECTION_REFUSED @ http://localhost:4321/_image/?href=%2F%40fs%2FD%3A%2FAI%2Fblog%2FFirefly%2Fsrc%2Fassets%2Fimages%2FDesktopWallpaper%2Fd4.avif%3ForigWidth%3D2416%26origHeight%3D1376%26origFormat%3Davif&w=1920&h=1094&q=85&f=webp&fit=cover&position=center:0
[   83220ms] [ERROR] Failed to load resource: net::ERR_CONNECTION_REFUSED @ http://localhost:4321/_image/?href=%2F%40fs%2FD%3A%2FAI%2Fblog%2FFirefly%2Fsrc%2Fassets%2Fimages%2FMobileWallpaper%2Fm6.avif%3ForigWidth%3D3328%26origHeight%3D4864%26origFormat%3Davif&w=640&h=935&q=77&f=webp&fit=cover&position=center:0
[   83222ms] [ERROR] Failed to load resource: net::ERR_CONNECTION_REFUSED @ http://localhost:4321/_image/?href=%2F%40fs%2FD%3A%2FAI%2Fblog%2FFirefly%2Fsrc%2Fassets%2Fimages%2FDesktopWallpaper%2Fd4.avif%3ForigWidth%3D2416%26origHeight%3D1376%26origFormat%3Davif&w=1280&h=729&q=85&f=webp&fit=cover&position=center:0
[   83222ms] [ERROR] Failed to load resource: net::ERR_CONNECTION_REFUSED @ http://localhost:4321/_image/?href=%2F%40fs%2FD%3A%2FAI%2Fblog%2FFirefly%2Fsrc%2Fcontent%2Fposts%2Fimages%2Ffirefly2.avif%3ForigWidth%3D4096%26origHeight%3D2212%26origFormat%3Davif&w=480&h=360&q=77&f=webp&fit=cover&position=center:0
[   83222ms] [ERROR] Failed to load resource: net::ERR_CONNECTION_REFUSED @ http://localhost:4321/_image/?href=%2F%40fs%2FD%3A%2FAI%2Fblog%2FFirefly%2Fsrc%2Fcontent%2Fposts%2Fguide%2Fcover.avif%3ForigWidth%3D1631%26origHeight%3D917%26origFormat%3Davif&w=480&h=360&q=77&f=webp&fit=cover&position=center:0
[   83222ms] [ERROR] Failed to load resource: net::ERR_CONNECTION_REFUSED @ http://localhost:4321/_image/?href=%2F%40fs%2FD%3A%2FAI%2Fblog%2FFirefly%2Fsrc%2Fcontent%2Fposts%2Fimages%2Ffirefly3.avif%3ForigWidth%3D3840%26origHeight%3D2160%26origFormat%3Davif&w=480&h=360&q=77&f=webp&fit=cover&position=center:0
[   83222ms] [ERROR] Failed to load resource: net::ERR_CONNECTION_REFUSED @ http://localhost:4321/_image/?href=%2F%40fs%2FD%3A%2FAI%2Fblog%2FFirefly%2Fsrc%2Fcontent%2Fposts%2Fimages%2Ffirefly1.avif%3ForigWidth%3D3328%26origHeight%3D1872%26origFormat%3Davif&w=480&h=360&q=77&f=webp&fit=cover&position=center:0
[   92868ms] [ERROR] Failed to load resource: net::ERR_CONNECTION_REFUSED @ http://localhost:4321/_image/?href=%2F%40fs%2FD%3A%2FAI%2Fblog%2FFirefly%2Fsrc%2Fassets%2Fimages%2FMobileWallpaper%2Fm6.avif%3ForigWidth%3D3328%26origHeight%3D4864%26origFormat%3Davif&w=1080&h=1578&q=77&f=webp&fit=cover&position=center:0
[   92869ms] [ERROR] Failed to load resource: net::ERR_CONNECTION_REFUSED @ http://localhost:4321/_image/?href=%2F%40fs%2FD%3A%2FAI%2Fblog%2FFirefly%2Fsrc%2Fassets%2Fimages%2FDesktopWallpaper%2Fd4.avif%3ForigWidth%3D2416%26origHeight%3D1376%26origFormat%3Davif&w=1920&h=1094&q=85&f=webp&fit=cover&position=center:0
[   92869ms] [ERROR] Failed to load resource: net::ERR_CONNECTION_REFUSED @ http://localhost:4321/_image/?href=%2F%40fs%2FD%3A%2FAI%2Fblog%2FFirefly%2Fsrc%2Fcontent%2Fposts%2Fimages%2Ffirefly2.avif%3ForigWidth%3D4096%26origHeight%3D2212%26origFormat%3Davif&w=320&h=240&q=77&f=webp&fit=cover&position=center:0
[   92869ms] [ERROR] Failed to load resource: net::ERR_CONNECTION_REFUSED @ http://localhost:4321/_image/?href=%2F%40fs%2FD%3A%2FAI%2Fblog%2FFirefly%2Fsrc%2Fcontent%2Fposts%2Fguide%2Fcover.avif%3ForigWidth%3D1631%26origHeight%3D917%26origFormat%3Davif&w=320&h=240&q=77&f=webp&fit=cover&position=center:0
[   92869ms] [ERROR] Failed to load resource: net::ERR_CONNECTION_REFUSED @ http://localhost:4321/_image/?href=%2F%40fs%2FD%3A%2FAI%2Fblog%2FFirefly%2Fsrc%2Fcontent%2Fposts%2Fimages%2Ffirefly3.avif%3ForigWidth%3D3840%26origHeight%3D2160%26origFormat%3Davif&w=320&h=240&q=77&f=webp&fit=cover&position=center:0
[   92869ms] [ERROR] Failed to load resource: net::ERR_CONNECTION_REFUSED @ http://localhost:4321/_image/?href=%2F%40fs%2FD%3A%2FAI%2Fblog%2FFirefly%2Fsrc%2Fcontent%2Fposts%2Fimages%2Ffirefly1.avif%3ForigWidth%3D3328%26origHeight%3D1872%26origFormat%3Davif&w=320&h=240&q=77&f=webp&fit=cover&position=center:0
[  101507ms] [ERROR] Failed to load resource: net::ERR_CONNECTION_REFUSED @ http://localhost:4321/_image/?href=%2F%40fs%2FD%3A%2FAI%2Fblog%2FFirefly%2Fsrc%2Fassets%2Fimages%2FMobileWallpaper%2Fm6.avif%3ForigWidth%3D3328%26origHeight%3D4864%26origFormat%3Davif&w=640&h=935&q=77&f=webp&fit=cover&position=center:0
[  101507ms] [ERROR] Failed to load resource: net::ERR_CONNECTION_REFUSED @ http://localhost:4321/_image/?href=%2F%40fs%2FD%3A%2FAI%2Fblog%2FFirefly%2Fsrc%2Fassets%2Fimages%2FDesktopWallpaper%2Fd4.avif%3ForigWidth%3D2416%26origHeight%3D1376%26origFormat%3Davif&w=1280&h=729&q=85&f=webp&fit=cover&position=center:0
[  101507ms] [ERROR] Failed to load resource: net::ERR_CONNECTION_REFUSED @ http://localhost:4321/_image/?href=%2F%40fs%2FD%3A%2FAI%2Fblog%2FFirefly%2Fsrc%2Fcontent%2Fposts%2Fimages%2Ffirefly2.avif%3ForigWidth%3D4096%26origHeight%3D2212%26origFormat%3Davif&w=480&h=360&q=77&f=webp&fit=cover&position=center:0
[  101507ms] [ERROR] Failed to load resource: net::ERR_CONNECTION_REFUSED @ http://localhost:4321/_image/?href=%2F%40fs%2FD%3A%2FAI%2Fblog%2FFirefly%2Fsrc%2Fcontent%2Fposts%2Fguide%2Fcover.avif%3ForigWidth%3D1631%26origHeight%3D917%26origFormat%3Davif&w=480&h=360&q=77&f=webp&fit=cover&position=center:0
[  101507ms] [ERROR] Failed to load resource: net::ERR_CONNECTION_REFUSED @ http://localhost:4321/_image/?href=%2F%40fs%2FD%3A%2FAI%2Fblog%2FFirefly%2Fsrc%2Fcontent%2Fposts%2Fimages%2Ffirefly3.avif%3ForigWidth%3D3840%26origHeight%3D2160%26origFormat%3Davif&w=480&h=360&q=77&f=webp&fit=cover&position=center:0
[  101508ms] [ERROR] Failed to load resource: net::ERR_CONNECTION_REFUSED @ http://localhost:4321/_image/?href=%2F%40fs%2FD%3A%2FAI%2Fblog%2FFirefly%2Fsrc%2Fcontent%2Fposts%2Fimages%2Ffirefly1.avif%3ForigWidth%3D3328%26origHeight%3D1872%26origFormat%3Davif&w=480&h=360&q=77&f=webp&fit=cover&position=center:0
[  206599ms] [LOG] 🧹 Cleaning up existing Spine model... @ http://localhost:4321/:10203
[  224772ms] [ERROR] Failed to load resource: net::ERR_NAME_NOT_RESOLVED @ https://api.i-meto.com/meting/api?server=netease&type=playlist&id=10046455237&r=0.12144108857027369:0
[  224772ms] [WARNING] Meting API failed for https://api.i-meto.com/meting/api?server=:server&type=:type&id=:id&r=:r TypeError: Failed to fetch
    at fetchMetingData (http://localhost:4321/:8795:33)
    at Object.init (http://localhost:4321/:9002:23)
    at http://localhost:4321/:10020:13
    at http://localhost:4321/:10022:3
    at http://localhost:4321/:10023:3 @ http://localhost:4321/:8811
[  227404ms] [VERBOSE] [DOM] Password field is not contained in a form: (More info: https://goo.gl/9p2vKq) %o @ http://localhost:4321/:0
[  227471ms] [LOG] Pagefind mock enabled in development mode. @ http://localhost:4321/src/components/controls/Search.svelte:152
[  228102ms] [LOG] All fonts have been loaded @ http://localhost:4321/src/components/features/FontManager.astro?astro&type=script&index=0&lang.ts:2
[  567592ms] [LOG] [vite] server connection lost. Polling for restart... @ http://localhost:4321/@vite/client:1598
[  618337ms] [ERROR] Failed to load resource: net::ERR_CONNECTION_REFUSED @ http://localhost:4321/_image/?href=%2F%40fs%2FD%3A%2FAI%2Fblog%2FFirefly%2Fsrc%2Fassets%2Fimages%2FDesktopWallpaper%2Fd1.avif%3ForigWidth%3D2416%26origHeight%3D1376%26origFormat%3Davif&w=1920&h=1094&q=85&f=webp&fit=cover&position=center:0
[  618340ms] [ERROR] Failed to load resource: net::ERR_CONNECTION_REFUSED @ http://localhost:4321/_image/?href=%2F%40fs%2FD%3A%2FAI%2Fblog%2FFirefly%2Fsrc%2Fassets%2Fimages%2FMobileWallpaper%2Fm2.avif%3ForigWidth%3D3328%26origHeight%3D4864%26origFormat%3Davif&w=1080&h=1578&q=77&f=webp&fit=cover&position=center:0
